hallo from gpu028
matrix dim: 4096 x 4096
time averaged over 64 loops
matAddAB (0) :       1.9 GB/s      86.6 GB/s maxabserr =       0.0
matAddAB (1) :       1.6 GB/s      35.7 GB/s maxabserr =       0.0
matAddAB (2) :       1.6 GB/s      48.1 GB/s maxabserr =       0.0
matAddAB (3) :       1.7 GB/s     166.6 GB/s maxabserr =       0.0
matAddAB (4) :       2.0 GB/s     183.3 GB/s maxabserr =       0.0
matAddAB (5) :       1.9 GB/s     183.7 GB/s maxabserr =       0.0
matAddAB (6) :       1.9 GB/s     185.3 GB/s maxabserr =       0.0
matAddAB (7) :       1.8 GB/s     185.4 GB/s maxabserr =       0.0
matrix dim: 8192 x 8192
time averaged over 64 loops
matAddAB (0) :       1.9 GB/s     172.2 GB/s maxabserr =       0.0
matAddAB (1) :       1.9 GB/s      34.0 GB/s maxabserr =       0.0
matAddAB (2) :       1.6 GB/s       8.4 GB/s maxabserr =       0.0
matAddAB (3) :       1.9 GB/s     265.8 GB/s maxabserr =       0.0
matAddAB (4) :       1.9 GB/s     265.4 GB/s maxabserr =       0.0
matAddAB (5) :       1.9 GB/s     265.8 GB/s maxabserr =       0.0
matAddAB (6) :       1.9 GB/s     264.9 GB/s maxabserr =       0.0
matAddAB (7) :       1.9 GB/s     269.0 GB/s maxabserr =       0.0
