hallo from gpu011
matrix dim: 4096 x 4096
time averaged over 64 loops
matAddAB (0) :       2.9 GB/s      94.2 GB/s maxabserr =       0.0
matAddAB (1) :       2.8 GB/s      36.3 GB/s maxabserr =       0.0
matAddAB (2) :       2.9 GB/s      49.7 GB/s maxabserr =       0.0
matAddAB (3) :       3.0 GB/s     193.5 GB/s maxabserr =       0.0
matAddAB (4) :       3.2 GB/s     194.4 GB/s maxabserr =       0.0
matAddAB (5) :       3.3 GB/s     197.9 GB/s maxabserr =       0.0
matAddAB (6) :       3.3 GB/s     195.7 GB/s maxabserr =       0.0
matAddAB (7) :       3.1 GB/s     201.1 GB/s maxabserr =       0.0
