hallo from gpu030
matrix dim: 8192 x 8192
time averaged over 64 loops
matAddAB (0) :       1.9 GB/s     174.0 GB/s maxabserr =       0.0
matAddAB (1) :       2.0 GB/s      34.2 GB/s maxabserr =       0.0
matAddAB (2) :       1.6 GB/s       8.4 GB/s maxabserr =       0.0
matAddAB (3) :       1.9 GB/s     266.6 GB/s maxabserr =       0.0
matAddAB (4) :       2.0 GB/s     266.4 GB/s maxabserr =       0.0
matAddAB (5) :       2.1 GB/s     272.1 GB/s maxabserr =       0.0
matAddAB (6) :       2.3 GB/s     282.3 GB/s maxabserr =       0.0
matAddAB (7) :       2.2 GB/s     283.0 GB/s maxabserr =       0.0
