hallo from gpu026
The system supports 1 ns time resolution
total size of x and y is     512.0 MB
tests are averaged over 32 loops
saxpy on host (0) :   41473.2 MB/s   41474.3 MB/s maxabserr =       0.0
saxpy on host (1) :   66632.2 MB/s   66635.3 MB/s maxabserr =       0.0
saxpy on accl (1) :      76.0 MB/s      78.7 MB/s maxabserr =       0.0
saxpy on accl (2) :      76.3 MB/s      79.0 MB/s maxabserr =       0.0
saxpy on accl (3) :    1635.3 MB/s    6457.5 MB/s maxabserr =       0.0
saxpy on accl (4) :    1417.9 MB/s    3956.9 MB/s maxabserr =       0.0
saxpy on accl (5) :    1954.3 MB/s   45380.7 MB/s maxabserr =       0.0
saxpy on accl (6) :    1938.4 MB/s   67113.8 MB/s maxabserr =       0.0
saxpy on accl (7) :    1984.3 MB/s  282336.0 MB/s maxabserr =       0.0
