hallo from gpu011
The system supports 1 ns time resolution
total size of x and y is      32.0 MB
tests are averaged over 32 loops
saxpy on host (0) :   43431.2 MB/s   43438.4 MB/s maxabserr =       0.0
saxpy on host (1) :  446622.5 MB/s  447142.8 MB/s maxabserr =       0.0
saxpy on accl (1) :      75.2 MB/s      78.6 MB/s maxabserr =       0.0
saxpy on accl (2) :      75.7 MB/s      79.0 MB/s maxabserr =       0.0
saxpy on accl (3) :    1945.7 MB/s    6071.8 MB/s maxabserr =       0.0
saxpy on accl (4) :    1689.3 MB/s    4074.8 MB/s maxabserr =       0.0
saxpy on accl (5) :    2644.2 MB/s   30438.5 MB/s maxabserr =       0.0
saxpy on accl (6) :    2762.5 MB/s  127182.3 MB/s maxabserr =       0.0
